../USB_DEVICE/App/usbd_cdc_if.c:138:5:cell_selector	40	static
../USB_DEVICE/App/usbd_cdc_if.c:164:7:cell_switch	120	static
../USB_DEVICE/App/usbd_cdc_if.c:227:7:Buf_compile	104	static
../USB_DEVICE/App/usbd_cdc_if.c:263:7:Buf_compile_str	56	static
../USB_DEVICE/App/usbd_cdc_if.c:298:15:CDC_Init_FS	8	static
../USB_DEVICE/App/usbd_cdc_if.c:312:15:CDC_DeInit_FS	4	static
../USB_DEVICE/App/usbd_cdc_if.c:326:15:CDC_Control_FS	16	static
../USB_DEVICE/App/usbd_cdc_if.c:407:15:CDC_Receive_FS	24	static
../USB_DEVICE/App/usbd_cdc_if.c:431:9:CDC_Transmit_FS	24	static
